??Next.js 16.1.6 (Turbopack)
- Environments: .env.local

node.exe : ??The "middleware" file convention is deprecated. Please use "p
roxy" instead. Learn more: https://nextjs.org/docs/messages/middleware-to-
proxy
위치 줄:1 문자:1
+ & "C:\Program Files\nodejs/node.exe" "C:\Program Files\nodejs/node_mo ..
.
+ ~~~~~~~~~~~~~~~~~~~~~~~~~~~~~~~~~~~~~~~~~~~~~~~~~~~~~~~~~~~~~~~~~~~~~
    + CategoryInfo          : NotSpecified: (??The "middlewa...leware-to- 
   proxy:String) [], RemoteException
    + FullyQualifiedErrorId : NativeCommandError
 
  Creating an optimized production build ...
??Compiled successfully in 26.6s
  Running TypeScript ...
Failed to compile.

./old_route_ts.ts:10:10
Type error: Cannot find name 'auth'.

[0m [90m  8 |[39m [36mexport[39m [36masync[39m [36mfunction[39m 
[33mPOST[39m(request[33m:[39m [33mNextRequest[39m) {
 [90m  9 |[39m     [90m// ?紐꾩쵄 野꺜筌?    // ?紐꾩쵄 野꺜筌?    const auth = a
wait requireSessionFromCookie(request);[39m
[31m[1m>[22m[39m[90m 10 |[39m     [36mif[39m ([33m![39mauth[33m
.[39mok) [36mreturn[39m [33mNextResponse[39m[33m.[39mjson({ error[
33m:[39m auth[33m.[39merror }[33m,[39m { status[33m:[39m auth[33m.
[39mstatus })[33m;[39m
 [90m    |[39m          [31m[1m^[22m[39m
 [90m 11 |[39m
 [90m 12 |[39m     [90m// ???? ??낆젾揶????뼓 (try-catch嚥?400 ?癒?쑎 獄쎻뫗?) ??
??[39m
 [90m 13 |[39m     [36mlet[39m body[33m:[39m { url[33m?[39m[33m:
[39m string[33m;[39m privacyUrl[33m?[39m[33m:[39m string[33m;[39m 
homepageUrl[33m?[39m[33m:[39m string[33m;[39m companyId[33m?[39m[
33m:[39m string[33m;[39m manualText[33m?[39m[33m:[39m string[33m;
[39m systemPrompt[33m?[39m[33m:[39m string[33m;[39m model[33m?[39m
[33m:[39m string[33m;[39m }[33m;[39m[0m
Next.js build worker exited with code: 1 and signal: null
