
> company-relationship-management@0.1.0 build
> next build

??Next.js 16.1.6 (Turbopack)

node.exe : ??The "middleware" file convention is deprecated. Please use "pro
xy" instead. Learn more: https://nextjs.org/docs/messages/middleware-to-prox
y
위치 줄:1 문자:1
+ & "C:\Program Files\nodejs/node.exe" "C:\Program Files\nodejs/node_mo ...
+ ~~~~~~~~~~~~~~~~~~~~~~~~~~~~~~~~~~~~~~~~~~~~~~~~~~~~~~~~~~~~~~~~~~~~~
    + CategoryInfo          : NotSpecified: (??The "middlewa...leware-to-pr 
   oxy:String) [], RemoteException
    + FullyQualifiedErrorId : NativeCommandError
 
  Creating an optimized production build ...

> Build error occurred
Error: Turbopack build failed with 2 errors:
./src/app/layout.tsx:9:25
Ecmascript file had an error
[0m [90m  7 |[39m [36mimport[39m [32m"./globals.css"[39m[33m;[39m
 [90m  8 |[39m
[31m[1m>[22m[39m[90m  9 |[39m [36mconst[39m [33mFloatingChatbot[39
m [33m=[39m dynamic(() [33m=>[39m [36mimport[39m([32m'@/components/la
yout/FloatingChatbot'[39m)[33m,[39m { ssr[33m:[39m [36mfalse[39m })[
33m;[39m
 [90m    |[39m                         [31m[1m^[22m[39m[31m[1m^[22m
[39m[31m[1m^[22m[39m[31m[1m^[22m[39m[31m[1m^[22m[39m[31m[1m^
[22m[39m[31m[1m^[22m[39m[31m[1m^[22m[39m[31m[1m^[22m[39m[31m[
1m^[22m[39m[31m[1m^[22m[39m[31m[1m^[22m[39m[31m[1m^[22m[39m[3
1m[1m^[22m[39m[31m[1m^[22m[39m[31m[1m^[22m[39m[31m[1m^[22m[39
m[31m[1m^[22m[39m[31m[1m^[22m[39m[31m[1m^[22m[39m[31m[1m^[22m
[39m[31m[1m^[22m[39m[31m[1m^[22m[39m[31m[1m^[22m[39m[31m[1m^
[22m[39m[31m[1m^[22m[39m[31m[1m^[22m[39m[31m[1m^[22m[39m[31m[
1m^[22m[39m[31m[1m^[22m[39m[31m[1m^[22m[39m[31m[1m^[22m[39m[3
1m[1m^[22m[39m[31m[1m^[22m[39m[31m[1m^[22m[39m[31m[1m^[22m[39
m[31m[1m^[22m[39m[31m[1m^[22m[39m[31m[1m^[22m[39m[31m[1m^[22m
[39m[31m[1m^[22m[39m[31m[1m^[22m[39m[31m[1m^[22m[39m[31m[1m^
[22m[39m[31m[1m^[22m[39m[31m[1m^[22m[39m[31m[1m^[22m[39m[31m[
1m^[22m[39m[31m[1m^[22m[39m[31m[1m^[22m[39m[31m[1m^[22m[39m[3
1m[1m^[22m[39m[31m[1m^[22m[39m[31m[1m^[22m[39m[31m[1m^[22m[39
m[31m[1m^[22m[39m[31m[1m^[22m[39m[31m[1m^[22m[39m[31m[1m^[22m
[39m[31m[1m^[22m[39m[31m[1m^[22m[39m[31m[1m^[22m[39m[31m[1m^
[22m[39m[31m[1m^[22m[39m[31m[1m^[22m[39m[31m[1m^[22m[39m[31m[
1m^[22m[39m[31m[1m^[22m[39m[31m[1m^[22m[39m[31m[1m^[22m[39m[3
1m[1m^[22m[39m[31m[1m^[22m[39m[31m[1m^[22m[39m[31m[1m^[22m[39
m[31m[1m^[22m[39m[31m[1m^[22m[39m
 [90m 10 |[39m [36mconst[39m [33mRealtimeNotification[39m [33m=[39m 
dynamic(() [33m=>[39m [36mimport[39m([32m'@/components/layout/RealtimeN
otification'[39m)[33m,[39m { ssr[33m:[39m [36mfalse[39m })[33m;[39m
 [90m 11 |[39m
 [90m 12 |[39m [36mconst[39m notoSansKR [33m=[39m [33mNoto_Sans_KR[3
9m({[0m

`ssr: false` is not allowed with `next/dynamic` in Server Components. Please
 move it into a Client Component.


./src/app/layout.tsx:10:30
Ecmascript file had an error
[0m [90m  8 |[39m
 [90m  9 |[39m [36mconst[39m [33mFloatingChatbot[39m [33m=[39m dynam
ic(() [33m=>[39m [36mimport[39m([32m'@/components/layout/FloatingChatbo
t'[39m)[33m,[39m { ssr[33m:[39m [36mfalse[39m })[33m;[39m
[31m[1m>[22m[39m[90m 10 |[39m [36mconst[39m [33mRealtimeNotificatio
n[39m [33m=[39m dynamic(() [33m=>[39m [36mimport[39m([32m'@/componen
ts/layout/RealtimeNotification'[39m)[33m,[39m { ssr[33m:[39m [36mfalse
[39m })[33m;[39m
 [90m    |[39m                              [31m[1m^[22m[39m[31m[1m^
[22m[39m[31m[1m^[22m[39m[31m[1m^[22m[39m[31m[1m^[22m[39m[31m
[1m^[22m[39m[31m[1m^[22m[39m[31m[1m^[22m[39m[31m[1m^[22m[39m[
31m[1m^[22m[39m[31m[1m^[22m[39m[31m[1m^[22m[39m[31m[1m^[22m[3
9m[31m[1m^[22m[39m[31m[1m^[22m[39m[31m[1m^[22m[39m[31m[1m^[22
m[39m[31m[1m^[22m[39m[31m[1m^[22m[39m[31m[1m^[22m[39m[31m[1m^
[22m[39m[31m[1m^[22m[39m[31m[1m^[22m[39m[31m[1m^[22m[39m[31m
[1m^[22m[39m[31m[1m^[22m[39m[31m[1m^[22m[39m[31m[1m^[22m[39m[
31m[1m^[22m[39m[31m[1m^[22m[39m[31m[1m^[22m[39m[31m[1m^[22m[3
9m[31m[1m^[22m[39m[31m[1m^[22m[39m[31m[1m^[22m[39m[31m[1m^[22
m[39m[31m[1m^[22m[39m[31m[1m^[22m[39m[31m[1m^[22m[39m[31m[1m^
[22m[39m[31m[1m^[22m[39m[31m[1m^[22m[39m[31m[1m^[22m[39m[31m
[1m^[22m[39m[31m[1m^[22m[39m[31m[1m^[22m[39m[31m[1m^[22m[39m[
31m[1m^[22m[39m[31m[1m^[22m[39m[31m[1m^[22m[39m[31m[1m^[22m[3
9m[31m[1m^[22m[39m[31m[1m^[22m[39m[31m[1m^[22m[39m[31m[1m^[22
m[39m[31m[1m^[22m[39m[31m[1m^[22m[39m[31m[1m^[22m[39m[31m[1m^
[22m[39m[31m[1m^[22m[39m[31m[1m^[22m[39m[31m[1m^[22m[39m[31m
[1m^[22m[39m[31m[1m^[22m[39m[31m[1m^[22m[39m[31m[1m^[22m[39m[
31m[1m^[22m[39m[31m[1m^[22m[39m[31m[1m^[22m[39m[31m[1m^[22m[3
9m[31m[1m^[22m[39m[31m[1m^[22m[39m[31m[1m^[22m[39m[31m[1m^[22
m[39m[31m[1m^[22m[39m[31m[1m^[22m[39m[31m[1m^[22m[39m[31m[1m^
[22m[39m[31m[1m^[22m[39m[31m[1m^[22m[39m[31m[1m^[22m[39m
 [90m 11 |[39m
 [90m 12 |[39m [36mconst[39m notoSansKR [33m=[39m [33mNoto_Sans_KR[3
9m({
 [90m 13 |[39m   weight[33m:[39m [[32m"400"[39m[33m,[39m [32m"500"
[39m[33m,[39m [32m"600"[39m[33m,[39m [32m"700"[39m[33m,[39m [32m"
800"[39m[33m,[39m [32m"900"[39m][33m,[39m[0m

`ssr: false` is not allowed with `next/dynamic` in Server Components. Please
 move it into a Client Component.


    at <unknown> (./src/app/layout.tsx:9:25)
    at <unknown> (./src/app/layout.tsx:10:30)
