src/app/(admin)/sales/call/page.tsx(312,33): error TS2322: Type '(r: "rejected" | "invalid_site" | "connected" | "no_answer" | "callback") => void' is not assignable to type '(r: "rejected" | "invalid_site" | "connected" | "no_answer" | "callback" | "no_homepage" | "promo_only" | "no_policy") => void'.
  Types of parameters 'r' and 'r' are incompatible.
    Type '"rejected" | "invalid_site" | "connected" | "no_answer" | "callback" | "no_homepage" | "promo_only" | "no_policy"' is not assignable to type '"rejected" | "invalid_site" | "connected" | "no_answer" | "callback"'.
      Type '"no_homepage"' is not assignable to type '"rejected" | "invalid_site" | "connected" | "no_answer" | "callback"'.
